---
source: c2pa-tui/tests/snapshot_ui.rs
expression: content
---
┌Files─────────────┐┌photo.jpg─────────────────────────────────────────────────┐
│[✓] photo.jpg     ││▶ Claim                                                   │
│                  ││                                                          │
│                  ││                                                          │
│                  ││                                                          │
│                  ││                                                          │
│                  ││                                                          │
│                  ││                                                          │
│                  ││                                                          │
│                  ││                                                          │
│                  ││                                                          │
│                  ││                                                          │
│                  ││                                                          │
│                  ││                                                          │
│                  ││                                                          │
│                  ││                                                          │
│                  ││                                                          │
│                  ││                                                          │
│                  ││                                                          │
│                  ││                                                          │
│                  ││                                                          │
│                  ││                                                          │
└──────────────────┘└──────────────────────────────────────────────────────────┘
↑/↓:nav  Enter:load  Tab:focus  /:search  f:filter  c:compare  r:reload  ?:help
