---
source: c2pa-tui/tests/snapshot_ui.rs
expression: content
---
┌Files──────────────────┐┌Compare──────────────────────────────────────────────────────────────────┐
│[ ] a.jpg              ││Left manifest not loaded — press Enter to load                           │
│[ ] b.jpg              ││                                                                         │
│                       ││                                                                         │
│                       ││                                                                         │
│                       ││                                                                         │
│                       ││                                                                         │
│                       ││                                                                         │
│                       ││                                                                         │
│                       ││                                                                         │
│                       ││                                                                         │
│                       ││                                                                         │
│                       ││                                                                         │
│                       ││                                                                         │
│                       ││                                                                         │
│                       ││                                                                         │
│                       ││                                                                         │
│                       ││                                                                         │
│                       ││                                                                         │
│                       ││                                                                         │
│                       ││                                                                         │
│                       ││                                                                         │
└───────────────────────┘└─────────────────────────────────────────────────────────────────────────┘
Comparing  Esc:exit compare
